
> web-cortinas-girardot@0.1.0 build
> next build

Ôû▓ Next.js 16.2.2 (Turbopack)
- Environments: .env.local

  Creating an optimized production build ...
node.exe : 
En línea: 1 Carácter: 1
+ & "C:\Program Files\nodejs/node.exe" "C:\Program Files\nodejs/node_mo ...
+ ~~~~~~~~~~~~~~~~~~~~~~~~~~~~~~~~~~~~~~~~~~~~~~~~~~~~~~~~~~~~~~~~~~~~~
    + CategoryInfo          : NotSpecified: (:String) [], RemoteException
    + FullyQualifiedErrorId : NativeCommandError
 
> Build error occurred
Error: Turbopack build failed with 23 errors:
./src/app/blog/page.tsx:59:15
await isn't allowed in non-async function
  [90m57 |[0m
  [90m58 |[0m [36mexport[0m [36mdefault[0m [36mfunction[0m [33mBlogPage[0m() {
[31m[1m>[0m [90m59 |[0m   [36mconst[0m cfg = [36mawait[0m getImagesConfig()
  [90m   |[0m               [31m[1m^^^^^[0m
  [90m60 |[0m   [36mconst[0m bgImg = cfg.paginas_bg?.blog || [32m''[0m
  [90m61 |[0m   [36mconst[0m [principal, ...resto] = posts
  [90m62 |[0m

Parsing ecmascript source code failed


./src/app/contacto/page.tsx:12:15
await isn't allowed in non-async function
  [90m10 |[0m
  [90m11 |[0m [36mexport[0m [36mdefault[0m [36mfunction[0m [33mContactoPage[0m() {
[31m[1m>[0m [90m12 |[0m   [36mconst[0m cfg = [36mawait[0m getImagesConfig()
  [90m   |[0m               [31m[1m^^^^^[0m
  [90m13 |[0m   [36mconst[0m bgImg = cfg.paginas_bg?.contacto || [32m''[0m
  [90m14 |[0m   [36mreturn[0m (
  [90m15 |[0m     <div className=[32m"page-top"[0m>

Parsing ecmascript source code failed


./src/app/cotizar/page.tsx:40:15
await isn't allowed in non-async function
  [90m38 |[0m
  [90m39 |[0m [36mexport[0m [36mdefault[0m [36mfunction[0m [33mCotizarPage[0m() {
[31m[1m>[0m [90m40 |[0m   [36mconst[0m cfg = [36mawait[0m getImagesConfig()
  [90m   |[0m               [31m[1m^^^^^[0m
  [90m41 |[0m   [36mconst[0m bgImg = cfg.paginas_bg?.cotizar || [32m''[0m
  [90m42 |[0m   [36mreturn[0m (
  [90m43 |[0m     <div className=[32m"page-top"[0m>

Parsing ecmascript source code failed


./src/app/nosotros/page.tsx:30:15
await isn't allowed in non-async function
  [90m28 |[0m
  [90m29 |[0m [36mexport[0m [36mdefault[0m [36mfunction[0m [33mNosotrosPage[0m() {
[31m[1m>[0m [90m30 |[0m   [36mconst[0m cfg = [36mawait[0m getImagesConfig()
  [90m   |[0m               [31m[1m^^^^^[0m
  [90m31 |[0m   [36mconst[0m bgImg = cfg.paginas_bg?.nosotros || [32m''[0m
  [90m32 |[0m   [36mreturn[0m (
  [90m33 |[0m     <div className=[32m"page-top"[0m>

Parsing ecmascript source code failed


./src/app/productos/cortina/page.tsx:89:15
await isn't allowed in non-async function
  [90m87 |[0m
  [90m88 |[0m [36mexport[0m [36mdefault[0m [36mfunction[0m [33mCortinaPage[0m() {
[31m[1m>[0m [90m89 |[0m   [36mconst[0m cfg = [36mawait[0m getImagesConfig()
  [90m   |[0m               [31m[1m^^^^^[0m
  [90m90 |[0m   [36mconst[0m heroImg = cfg.productos_hero?.[[32m'cortina'[0m] || 
[32m'/safra/hero-coleccion.jpg'[0m
  [90m91 |[0m   [36mreturn[0m (
  [90m92 |[0m     <div className=[32m"page-top"[0m>

Parsing ecmascript source code failed


./src/app/productos/enrollables/page.tsx:79:15
await isn't allowed in non-async function
  [90m77 |[0m
  [90m78 |[0m [36mexport[0m [36mdefault[0m [36mfunction[0m [33mEnrollablesPage[0m() {
[31m[1m>[0m [90m79 |[0m   [36mconst[0m cfg = [36mawait[0m getImagesConfig()
  [90m   |[0m               [31m[1m^^^^^[0m
  [90m80 |[0m   [36mconst[0m heroImg = cfg.productos_hero?.[[32m'enrollables'[0m] || [32m''[0m
  [90m81 |[0m   [36mconst[0m fotosBlackout = readGaleria([32m'blackout'[0m)
  [90m82 |[0m   [36mconst[0m fotosScreen   = readGaleria([32m'screen'[0m)

Parsing ecmascript source code failed


./src/app/productos/estampados/page.tsx:98:15
await isn't allowed in non-async function
  [90m 96 |[0m
  [90m 97 |[0m [36mexport[0m [36mdefault[0m [36mfunction[0m [33mEstampadosPage[0m() {
[31m[1m>[0m [90m 98 |[0m   [36mconst[0m cfg = [36mawait[0m getImagesConfig()
  [90m    |[0m               [31m[1m^^^^^[0m
  [90m 99 |[0m   [36mconst[0m heroImg = cfg.productos_hero?.[[32m'estampados'[0m] || [32m''[0m
  [90m100 |[0m   [36mreturn[0m (
  [90m101 |[0m     <div className=[32m"page-top"[0m>

Parsing ecmascript source code failed


./src/app/productos/hanas/page.tsx:45:15
await isn't allowed in non-async function
  [90m43 |[0m
  [90m44 |[0m [36mexport[0m [36mdefault[0m [36mfunction[0m [33mHanasPage[0m() {
[31m[1m>[0m [90m45 |[0m   [36mconst[0m cfg = [36mawait[0m getImagesConfig()
  [90m   |[0m               [31m[1m^^^^^[0m
  [90m46 |[0m   [36mconst[0m heroImg = cfg.productos_hero?.[[32m'hanas'[0m] || 
[32m'/safra/hanas/hanas-royal.png'[0m
  [90m47 |[0m   [36mreturn[0m (
  [90m48 |[0m     <div className=[32m"page-top"[0m>

Parsing ecmascript source code failed


./src/app/productos/lienzo/page.tsx:39:15
await isn't allowed in non-async function
  [90m37 |[0m
  [90m38 |[0m [36mexport[0m [36mdefault[0m [36mfunction[0m [33mLienzoPage[0m() {
[31m[1m>[0m [90m39 |[0m   [36mconst[0m cfg = [36mawait[0m getImagesConfig()
  [90m   |[0m               [31m[1m^^^^^[0m
  [90m40 |[0m   [36mconst[0m heroImg = cfg.productos_hero?.[[32m'lienzo'[0m] || [32m''[0m
  [90m41 |[0m   [36mreturn[0m (
  [90m42 |[0m     <div className=[32m"page-top"[0m>

Parsing ecmascript source code failed


./src/app/productos/motorizacion/page.tsx:99:15
await isn't allowed in non-async function
  [90m 97 |[0m
  [90m 98 |[0m [36mexport[0m [36mdefault[0m [36mfunction[0m [33mMotorizacionPage[0m() {
[31m[1m>[0m [90m 99 |[0m   [36mconst[0m cfg = [36mawait[0m getImagesConfig()
  [90m    |[0m               [31m[1m^^^^^[0m
  [90m100 |[0m   [36mconst[0m heroImg = cfg.productos_hero?.[[32m'motorizacion'[0m] || [32m''[0m
  [90m101 |[0m   [36mreturn[0m (
  [90m102 |[0m     <div className=[32m"page-top"[0m>

Parsing ecmascript source code failed


./src/app/productos/panel/page.tsx:77:15
await isn't allowed in non-async function
  [90m75 |[0m
  [90m76 |[0m [36mexport[0m [36mdefault[0m [36mfunction[0m [33mPanelPage[0m() {
[31m[1m>[0m [90m77 |[0m   [36mconst[0m cfg = [36mawait[0m getImagesConfig()
  [90m   |[0m               [31m[1m^^^^^[0m
  [90m78 |[0m   [36mconst[0m heroImg = cfg.productos_hero?.[[32m'panel'[0m] || [32m''[0m
  [90m79 |[0m   [36mconst[0m fotos = (() => {
  [90m80 |[0m     [36mtry[0m {

Parsing ecmascript source code failed


./src/app/productos/papel/page.tsx:95:15
await isn't allowed in non-async function
  [90m93 |[0m
  [90m94 |[0m [36mexport[0m [36mdefault[0m [36mfunction[0m [33mPapelPage[0m() {
[31m[1m>[0m [90m95 |[0m   [36mconst[0m cfg = [36mawait[0m getImagesConfig()
  [90m   |[0m               [31m[1m^^^^^[0m
  [90m96 |[0m   [36mconst[0m heroImg = cfg.productos_hero?.[[32m'papel'[0m] || [32m''[0m
  [90m97 |[0m   [36mreturn[0m (
  [90m98 |[0m     <div className=[32m"page-top"[0m>

Parsing ecmascript source code failed


./src/app/productos/peliculas/page.tsx:37:15
await isn't allowed in non-async function
  [90m35 |[0m
  [90m36 |[0m [36mexport[0m [36mdefault[0m [36mfunction[0m [33mPeliculasPage[0m() {
[31m[1m>[0m [90m37 |[0m   [36mconst[0m cfg = [36mawait[0m getImagesConfig()
  [90m   |[0m               [31m[1m^^^^^[0m
  [90m38 |[0m   [36mconst[0m heroImg = cfg.productos_hero?.[[32m'peliculas'[0m] || [32m''[0m
  [90m39 |[0m   [36mreturn[0m (
  [90m40 |[0m     <div className=[32m"page-top"[0m>

Parsing ecmascript source code failed


./src/app/productos/pergolas/page.tsx:156:15
await isn't allowed in non-async function
  [90m154 |[0m
  [90m155 |[0m [36mexport[0m [36mdefault[0m [36mfunction[0m [33mPergolasPage[0m() {
[31m[1m>[0m [90m156 |[0m   [36mconst[0m cfg = [36mawait[0m getImagesConfig()
  [90m    |[0m               [31m[1m^^^^^[0m
  [90m157 |[0m   [36mconst[0m heroImg = cfg.productos_hero?.[[32m'pergolas'[0m] || 
[32m'/safra/pergolas/pergola-palomino.jpg'[0m
  [90m158 |[0m   [36mreturn[0m (
  [90m159 |[0m     <div className=[32m"page-top"[0m>

Parsing ecmascript source code failed


./src/app/productos/riel-cortina/page.tsx:92:15
await isn't allowed in non-async function
  [90m90 |[0m
  [90m91 |[0m [36mexport[0m [36mdefault[0m [36mfunction[0m [33mRielCortinePage[0m() {
[31m[1m>[0m [90m92 |[0m   [36mconst[0m cfg = [36mawait[0m getImagesConfig()
  [90m   |[0m               [31m[1m^^^^^[0m
  [90m93 |[0m   [36mreturn[0m (
  [90m94 |[0m     <div className=[32m"page-top"[0m>
  [90m95 |[0m       <div className=[32m"container-site"[0m>

Parsing ecmascript source code failed


./src/app/productos/riel-motor/page.tsx:89:15
await isn't allowed in non-async function
  [90m87 |[0m
  [90m88 |[0m [36mexport[0m [36mdefault[0m [36mfunction[0m [33mRielMotorPage[0m() {
[31m[1m>[0m [90m89 |[0m   [36mconst[0m cfg = [36mawait[0m getImagesConfig()
  [90m   |[0m               [31m[1m^^^^^[0m
  [90m90 |[0m   [36mreturn[0m (
  [90m91 |[0m     <div className=[32m"page-top"[0m>
  [90m92 |[0m       <div className=[32m"container-site"[0m>

Parsing ecmascript source code failed


./src/app/productos/riel-panel/page.tsx:88:15
await isn't allowed in non-async function
  [90m86 |[0m
  [90m87 |[0m [36mexport[0m [36mdefault[0m [36mfunction[0m [33mRielPanelPage[0m() {
[31m[1m>[0m [90m88 |[0m   [36mconst[0m cfg = [36mawait[0m getImagesConfig()
  [90m   |[0m               [31m[1m^^^^^[0m
  [90m89 |[0m   [36mreturn[0m (
  [90m90 |[0m     <div className=[32m"page-top"[0m>
  [90m91 |[0m       <div className=[32m"container-site"[0m>

Parsing ecmascript source code failed


./src/app/productos/romana/page.tsx:41:15
await isn't allowed in non-async function
  [90m39 |[0m
  [90m40 |[0m [36mexport[0m [36mdefault[0m [36mfunction[0m [33mRomanaPage[0m() {
[31m[1m>[0m [90m41 |[0m   [36mconst[0m cfg = [36mawait[0m getImagesConfig()
  [90m   |[0m               [31m[1m^^^^^[0m
  [90m42 |[0m   [36mconst[0m heroImg = cfg.productos_hero?.[[32m'romana'[0m] || 
[32m'/safra/romana/romana-vittoria.jpg'[0m
  [90m43 |[0m   [36mreturn[0m (
  [90m44 |[0m     <div className=[32m"page-top"[0m>

Parsing ecmascript source code failed


./src/app/productos/sheer-elegance/page.tsx:54:15
await isn't allowed in non-async function
  [90m52 |[0m
  [90m53 |[0m [36mexport[0m [36mdefault[0m [36mfunction[0m [33mSheerElegancePage[0m() {
[31m[1m>[0m [90m54 |[0m   [36mconst[0m cfg = [36mawait[0m getImagesConfig()
  [90m   |[0m               [31m[1m^^^^^[0m
  [90m55 |[0m   [36mconst[0m heroImg = cfg.productos_hero?.[[32m'sheer-elegance'[0m] || [32m''[0m
  [90m56 |[0m   [36mconst[0m fotos = (() => {
  [90m57 |[0m     [36mtry[0m {

Parsing ecmascript source code failed


./src/app/productos/toldo-romano/page.tsx:89:15
await isn't allowed in non-async function
  [90m87 |[0m
  [90m88 |[0m [36mexport[0m [36mdefault[0m [36mfunction[0m [33mToldoRomanoPage[0m() {
[31m[1m>[0m [90m89 |[0m   [36mconst[0m cfg = [36mawait[0m getImagesConfig()
  [90m   |[0m               [31m[1m^^^^^[0m
  [90m90 |[0m   [36mconst[0m heroImg = cfg.productos_hero?.[[32m'toldo-romano'[0m] || [32m''[0m
  [90m91 |[0m   [36mreturn[0m (
  [90m92 |[0m     <div className=[32m"page-top"[0m>

Parsing ecmascript source code failed


./src/app/productos/verticales/page.tsx:30:15
await isn't allowed in non-async function
  [90m28 |[0m
  [90m29 |[0m [36mexport[0m [36mdefault[0m [36mfunction[0m [33mVerticalesPage[0m() {
[31m[1m>[0m [90m30 |[0m   [36mconst[0m cfg = [36mawait[0m getImagesConfig()
  [90m   |[0m               [31m[1m^^^^^[0m
  [90m31 |[0m   [36mconst[0m heroImg = cfg.productos_hero?.[[32m'verticales'[0m] || [32m''[0m
  [90m32 |[0m   [36mconst[0m fotos = (() => {
  [90m33 |[0m     [36mtry[0m {

Parsing ecmascript source code failed


./src/app/productos/vintage/page.tsx:35:15
await isn't allowed in non-async function
  [90m33 |[0m
  [90m34 |[0m [36mexport[0m [36mdefault[0m [36mfunction[0m [33mVintagePage[0m() {
[31m[1m>[0m [90m35 |[0m   [36mconst[0m cfg = [36mawait[0m getImagesConfig()
  [90m   |[0m               [31m[1m^^^^^[0m
  [90m36 |[0m   [36mconst[0m heroImg = cfg.productos_hero?.[[32m'vintage'[0m] || 
[32m'/safra/vintage/vintage-inspiracion.png'[0m
  [90m37 |[0m   [36mreturn[0m (
  [90m38 |[0m     <div className=[32m"page-top"[0m>

Parsing ecmascript source code failed


./src/app/proyectos/page.tsx:15:15
await isn't allowed in non-async function
  [90m13 |[0m
  [90m14 |[0m [36mexport[0m [36mdefault[0m [36mfunction[0m [33mProyectosPage[0m() {
[31m[1m>[0m [90m15 |[0m   [36mconst[0m cfg = [36mawait[0m getImagesConfig()
  [90m   |[0m               [31m[1m^^^^^[0m
  [90m16 |[0m   [36mconst[0m bgImg = cfg.paginas_bg?.proyectos || [32m''[0m
  [90m17 |[0m   [36mreturn[0m (
  [90m18 |[0m     <div className=[32m"page-top"[0m>

Parsing ecmascript source code failed


    at <unknown> (./src/app/blog/page.tsx:59:15)
    at <unknown> (./src/app/contacto/page.tsx:12:15)
    at <unknown> (./src/app/cotizar/page.tsx:40:15)
    at <unknown> (./src/app/nosotros/page.tsx:30:15)
    at <unknown> (./src/app/productos/cortina/page.tsx:89:15)
    at <unknown> (./src/app/productos/enrollables/page.tsx:79:15)
    at <unknown> (./src/app/productos/estampados/page.tsx:98:15)
    at <unknown> (./src/app/productos/hanas/page.tsx:45:15)
    at <unknown> (./src/app/productos/lienzo/page.tsx:39:15)
    at <unknown> (./src/app/productos/motorizacion/page.tsx:99:15)
    at <unknown> (./src/app/productos/panel/page.tsx:77:15)
    at <unknown> (./src/app/productos/papel/page.tsx:95:15)
    at <unknown> (./src/app/productos/peliculas/page.tsx:37:15)
    at <unknown> (./src/app/productos/pergolas/page.tsx:156:15)
    at <unknown> (./src/app/productos/riel-cortina/page.tsx:92:15)
    at <unknown> (./src/app/productos/riel-motor/page.tsx:89:15)
    at <unknown> (./src/app/productos/riel-panel/page.tsx:88:15)
    at <unknown> (./src/app/productos/romana/page.tsx:41:15)
    at <unknown> (./src/app/productos/sheer-elegance/page.tsx:54:15)
    at <unknown> (./src/app/productos/toldo-romano/page.tsx:89:15)
    at <unknown> (./src/app/productos/verticales/page.tsx:30:15)
    at <unknown> (./src/app/productos/vintage/page.tsx:35:15)
    at <unknown> (./src/app/proyectos/page.tsx:15:15)
